Flutter crash report.
Please report a bug at https://github.com/flutter/flutter/issues.

## command

flutter run -d edge

## exception

WipError: WipError -32000 Cannot find context with specified id

```
```

## flutter doctor

```
[32m[✓][39m Flutter (Channel stable, 3.41.6, on Microsoft Windows [Version 10.0.26200.8875], locale en-US) [496ms]
    [32m•[39m Flutter version 3.41.6 on channel stable at c:\src\flutter
    [32m•[39m Upstream repository https://github.com/flutter/flutter.git
    [32m•[39m Framework revision db50e20168 (4 months ago), 2026-03-25 16:21:00 -0700
    [32m•[39m Engine revision 425cfb54d0
    [32m•[39m Dart version 3.11.4
    [32m•[39m DevTools version 2.54.2
    [32m•[39m Feature flags: enable-web, enable-linux-desktop, enable-macos-desktop, enable-windows-desktop,
      enable-android, enable-ios, cli-animations, enable-native-assets, omit-legacy-version-file,
      enable-lldb-debugging, enable-uiscene-migration

[32m[✓][39m Windows Version (Windows 11 or higher, 25H2, 2009) [5.6s]

[31m[✗][39m Android toolchain - develop for Android devices [43ms]
    [31m✗[39m Unable to locate Android SDK.
      Install Android Studio from: https://developer.android.com/studio/index.html
      On first launch it will assist you in installing the Android SDK components.
      (or visit https://flutter.dev/to/windows-android-setup for detailed instructions).
      If the Android SDK has been installed to a custom location, please use
      `flutter config --android-sdk` to update to that location.


[32m[✓][39m Chrome - develop for the web [15ms]
    [32m•[39m Chrome at C:\Program Files\Google\Chrome\Application\chrome.exe

[31m[✗][39m Visual Studio - develop Windows apps [13ms]
    [31m✗[39m Visual Studio not installed; this is necessary to develop Windows apps.
      Download at https://visualstudio.microsoft.com/downloads/.
      Please install the "Desktop development with C++" workload, including all of its default components

[32m[✓][39m Connected device (3 available) [1,698ms]
    [32m•[39m Windows (desktop) • windows • windows-x64    • Microsoft Windows [Version 10.0.26200.8875]
    [32m•[39m Chrome (web)      • chrome  • web-javascript • Google Chrome 150.0.7871.187
    [32m•[39m Edge (web)        • edge    • web-javascript • Microsoft Edge 150.0.4078.105

[32m[✓][39m Network resources [2.5s]
    [32m•[39m All expected network resources are available.

[33m![39m Doctor found issues in 2 categories.
```
